// Jest Snapshot v1, https://goo.gl/fbAQLP

exports[`Filter renders correctly 1`] = `
<div
  className="filter"
>
  <ul
    className="filterList"
  >
    <li
      className="filterItem"
    >
      <div
        className="wrapper"
      >
        <div
          className="tag"
        >
          Junior
        </div>
      </div>
    </li>
    <li
      className="filterItem"
    >
      <div
        className="wrapper"
      >
        <div
          className="tag"
        >
          Frontend
        </div>
      </div>
    </li>
    <li
      className="filterItem"
    >
      <div
        className="wrapper"
      >
        <div
          className="tag"
        >
          React
        </div>
      </div>
    </li>
    <li
      className="filterItem"
    >
      <div
        className="wrapper"
      >
        <div
          className="tag"
        >
          JavaScript
        </div>
      </div>
    </li>
  </ul>
  <button
    className="clearBtn"
    onClick={[MockFunction]}
    type="button"
  >
    Clear
  </button>
</div>
`;
