// Jest Snapshot v1, https://goo.gl/fbAQLP

exports[`JobItem renders correctly 1`] = `
<div
  className="job jobHighlighted"
>
  <div
    className="logo"
  >
    <img
      alt="Photosnap logo"
      className="logo"
      src="https://example.com"
    />
  </div>
  <div
    className="body"
  >
    <div
      className="heading"
    >
      <h2>
        Photosnap
      </h2>
      <div
        className="chip"
      >
        <span
          className="label"
        >
          New!
        </span>
      </div>
      <div
        className="chip dark"
      >
        <span
          className="label"
        >
          Featured
        </span>
      </div>
    </div>
    <a
      className="position"
      href="#"
    >
      <h3>
        Senior Frontend Developer
      </h3>
    </a>
    <div
      className="details"
    >
      <span>
        1d ago
      </span>
      <span>
        Full Time
      </span>
      <span>
        USA only
      </span>
    </div>
  </div>
  <hr
    className="hr"
  />
  <ul
    className="tagList"
  >
    <li
      className="tagListItem"
    >
      <div
        className="wrapper"
      >
        <div
          className="tag"
        >
          Frontend
        </div>
      </div>
    </li>
    <li
      className="tagListItem"
    >
      <div
        className="wrapper"
      >
        <div
          className="tag"
        >
          Senior
        </div>
      </div>
    </li>
    <li
      className="tagListItem"
    >
      <div
        className="wrapper"
      >
        <div
          className="tag"
        >
          HTML
        </div>
      </div>
    </li>
    <li
      className="tagListItem"
    >
      <div
        className="wrapper"
      >
        <div
          className="tag"
        >
          CSS
        </div>
      </div>
    </li>
    <li
      className="tagListItem"
    >
      <div
        className="wrapper"
      >
        <div
          className="tag"
        >
          JavaScript
        </div>
      </div>
    </li>
  </ul>
</div>
`;
