// Jest Snapshot v1, https://goo.gl/fbAQLP

exports[`Chip renders correctly 1`] = `
<div
  className="chip"
>
  <span
    className="label"
  >
    Some text
  </span>
</div>
`;
